0 verbose cli /usr/local/bin/node /usr/src/node-red/node_modules/npm/bin/npm-cli.js
1 info using npm@11.19.1
2 info using node@v24.20.0
3 silly config load:file:/usr/src/node-red/node_modules/npm/npmrc
4 silly config load:file:/data/.npmrc
5 silly config load:file:/usr/src/node-red/.npmrc
6 silly config load:file:/usr/local/etc/npmrc
7 verbose title npm install node-red-node-sqlite@2.0.1
8 verbose argv "install" "--no-audit" "--no-update-notifier" "--no-fund" "--save" "--save-prefix" "~" "--omit" "dev" "--engine-strict" "--" "node-red-node-sqlite@2.0.1"
9 verbose logfile logs-max:10 dir:/data/.npm/_logs/2026-09-12T06_10_54_231Z-
10 verbose logfile /data/.npm/_logs/2026-09-12T06_10_54_231Z-debug-0.log
11 silly logfile done cleaning log files
12 silly packumentCache heap:2348810240 maxSize:587202560 maxEntrySize:293601280
13 silly idealTree buildDeps
14 silly fetch manifest node-red-node-sqlite@2.0.1
15 silly packumentCache full:https://registry.npmjs.org/node-red-node-sqlite cache-miss
16 verbose shrinkwrap failed to load node_modules/.package-lock.json out of date, updated: node_modules
17 http fetch GET 200 https://registry.npmjs.org/node-red-node-sqlite 570ms (cache revalidated)
18 silly packumentCache full:https://registry.npmjs.org/node-red-node-sqlite set size:70842 disposed:false
19 silly placeDep ROOT node-red-node-sqlite@2.0.1 REPLACE for: node-red-project@0.0.1 want: 2.0.1
20 silly reify moves {}
21 http cache wrappy@https://registry.npmjs.org/wrappy/-/wrappy-1.0.2.tgz 0ms (cache hit)
22 http cache yallist@https://registry.npmjs.org/yallist/-/yallist-5.0.0.tgz 0ms (cache hit)
23 http cache node-red-node-sqlite@https://registry.npmjs.org/node-red-node-sqlite/-/node-red-node-sqlite-2.0.1.tgz 0ms (cache hit)
24 http cache undici@https://registry.npmjs.org/undici/-/undici-6.28.1.tgz 0ms (cache hit)
25 http cache tinyglobby@https://registry.npmjs.org/tinyglobby/-/tinyglobby-0.2.17.tgz 0ms (cache hit)
26 http cache tunnel-agent@https://registry.npmjs.org/tunnel-agent/-/tunnel-agent-0.6.0.tgz 0ms (cache hit)
27 http cache tar-stream@https://registry.npmjs.org/tar-stream/-/tar-stream-2.2.0.tgz 0ms (cache hit)
28 http cache which@https://registry.npmjs.org/which/-/which-6.0.1.tgz 0ms (cache hit)
29 http cache tar-fs@https://registry.npmjs.org/tar-fs/-/tar-fs-2.1.5.tgz 0ms (cache hit)
30 http cache util-deprecate@https://registry.npmjs.org/util-deprecate/-/util-deprecate-1.0.2.tgz 0ms (cache hit)
31 http cache tar@https://registry.npmjs.org/tar/-/tar-7.5.22.tgz 0ms (cache hit)
32 http cache sqlite3@https://registry.npmjs.org/sqlite3/-/sqlite3-6.0.1.tgz 0ms (cache hit)
33 http cache simple-concat@https://registry.npmjs.org/simple-concat/-/simple-concat-1.0.1.tgz 0ms (cache hit)
34 http cache string_decoder@https://registry.npmjs.org/string_decoder/-/string_decoder-1.3.0.tgz 0ms (cache hit)
35 http cache simple-get@https://registry.npmjs.org/simple-get/-/simple-get-4.0.1.tgz 0ms (cache hit)
36 http cache strip-json-comments@https://registry.npmjs.org/strip-json-comments/-/strip-json-comments-2.0.1.tgz 0ms (cache hit)
37 http cache semver@https://registry.npmjs.org/semver/-/semver-7.8.5.tgz 0ms (cache hit)
38 http cache rc@https://registry.npmjs.org/rc/-/rc-1.2.8.tgz 0ms (cache hit)
39 http cache readable-stream@https://registry.npmjs.org/readable-stream/-/readable-stream-3.6.2.tgz 0ms (cache hit)
40 http cache safe-buffer@https://registry.npmjs.org/safe-buffer/-/safe-buffer-5.2.1.tgz 0ms (cache hit)
41 http cache pump@https://registry.npmjs.org/pump/-/pump-3.0.4.tgz 0ms (cache hit)
42 http cache prebuild-install@https://registry.npmjs.org/prebuild-install/-/prebuild-install-7.1.3.tgz 0ms (cache hit)
43 http cache node-gyp@https://registry.npmjs.org/node-gyp/-/node-gyp-12.4.0.tgz 0ms (cache hit)
44 http cache once@https://registry.npmjs.org/once/-/once-1.4.0.tgz 0ms (cache hit)
45 http cache picomatch@https://registry.npmjs.org/picomatch/-/picomatch-4.0.7.tgz 0ms (cache hit)
46 http cache node-abi@https://registry.npmjs.org/node-abi/-/node-abi-3.96.0.tgz 0ms (cache hit)
47 http cache proc-log@https://registry.npmjs.org/proc-log/-/proc-log-6.1.0.tgz 0ms (cache hit)
48 http cache node-addon-api@https://registry.npmjs.org/node-addon-api/-/node-addon-api-8.9.2.tgz 0ms (cache hit)
49 http cache minizlib@https://registry.npmjs.org/minizlib/-/minizlib-3.1.0.tgz 0ms (cache hit)
50 http cache mkdirp-classic@https://registry.npmjs.org/mkdirp-classic/-/mkdirp-classic-0.5.3.tgz 0ms (cache hit)
51 http cache mimic-response@https://registry.npmjs.org/mimic-response/-/mimic-response-3.1.0.tgz 0ms (cache hit)
52 http cache napi-build-utils@https://registry.npmjs.org/napi-build-utils/-/napi-build-utils-2.0.0.tgz 0ms (cache hit)
53 http cache minipass@https://registry.npmjs.org/minipass/-/minipass-7.1.3.tgz 0ms (cache hit)
54 http cache minimist@https://registry.npmjs.org/minimist/-/minimist-1.2.8.tgz 0ms (cache hit)
55 http cache inherits@https://registry.npmjs.org/inherits/-/inherits-2.0.4.tgz 0ms (cache hit)
56 http cache isexe@https://registry.npmjs.org/isexe/-/isexe-4.0.0.tgz 0ms (cache hit)
57 http cache ieee754@https://registry.npmjs.org/ieee754/-/ieee754-1.2.1.tgz 0ms (cache hit)
58 http cache github-from-package@https://registry.npmjs.org/github-from-package/-/github-from-package-0.0.0.tgz 0ms (cache hit)
59 http cache graceful-fs@https://registry.npmjs.org/graceful-fs/-/graceful-fs-4.2.11.tgz 0ms (cache hit)
60 http cache file-uri-to-path@https://registry.npmjs.org/file-uri-to-path/-/file-uri-to-path-1.0.0.tgz 0ms (cache hit)
61 http cache fdir@https://registry.npmjs.org/fdir/-/fdir-6.5.0.tgz 0ms (cache hit)
62 http cache nopt@https://registry.npmjs.org/nopt/-/nopt-9.0.0.tgz 0ms (cache hit)
63 http cache exponential-backoff@https://registry.npmjs.org/exponential-backoff/-/exponential-backoff-3.1.3.tgz 0ms (cache hit)
64 http cache env-paths@https://registry.npmjs.org/env-paths/-/env-paths-2.2.1.tgz 0ms (cache hit)
65 http cache end-of-stream@https://registry.npmjs.org/end-of-stream/-/end-of-stream-1.4.5.tgz 0ms (cache hit)
66 http cache ini@https://registry.npmjs.org/ini/-/ini-1.3.8.tgz 0ms (cache hit)
67 http cache expand-template@https://registry.npmjs.org/expand-template/-/expand-template-2.0.3.tgz 0ms (cache hit)
68 http cache detect-libc@https://registry.npmjs.org/detect-libc/-/detect-libc-2.1.2.tgz 0ms (cache hit)
69 http cache fs-constants@https://registry.npmjs.org/fs-constants/-/fs-constants-1.0.0.tgz 0ms (cache hit)
70 http cache deep-extend@https://registry.npmjs.org/deep-extend/-/deep-extend-0.6.0.tgz 1ms (cache hit)
71 http cache decompress-response@https://registry.npmjs.org/decompress-response/-/decompress-response-6.0.0.tgz 0ms (cache hit)
72 http cache chownr@https://registry.npmjs.org/chownr/-/chownr-1.1.4.tgz 0ms (cache hit)
73 warn deprecated prebuild-install@7.1.3: No longer maintained. Please contact the author of the relevant native addon; alternatives are available.
74 info run sqlite3@6.0.1 install node_modules/sqlite3 prebuild-install -r napi || node-gyp rebuild
75 info run sqlite3@6.0.1 install { code: 0, signal: null }
76 silly ADD node_modules/node-red-node-sqlite
77 silly ADD node_modules/yallist
78 silly ADD node_modules/wrappy
79 silly ADD node_modules/which
80 silly ADD node_modules/util-deprecate
81 silly ADD node_modules/undici
82 silly ADD node_modules/tunnel-agent
83 silly ADD node_modules/tinyglobby
84 silly ADD node_modules/tar-stream
85 silly ADD node_modules/tar-fs
86 silly ADD node_modules/tar-fs/node_modules/chownr
87 silly ADD node_modules/tar
88 silly ADD node_modules/strip-json-comments
89 silly ADD node_modules/string_decoder
90 silly ADD node_modules/sqlite3
91 silly ADD node_modules/simple-get
92 silly ADD node_modules/simple-concat
93 silly ADD node_modules/semver
94 silly ADD node_modules/safe-buffer
95 silly ADD node_modules/readable-stream
96 silly ADD node_modules/rc
97 silly ADD node_modules/pump
98 silly ADD node_modules/proc-log
99 silly ADD node_modules/prebuild-install
100 silly ADD node_modules/picomatch
101 silly ADD node_modules/once
102 silly ADD node_modules/nopt
103 silly ADD node_modules/node-gyp
104 silly ADD node_modules/node-addon-api
105 silly ADD node_modules/node-abi
106 silly ADD node_modules/napi-build-utils
107 silly ADD node_modules/mkdirp-classic
108 silly ADD node_modules/minizlib
109 silly ADD node_modules/minipass
110 silly ADD node_modules/minimist
111 silly ADD node_modules/mimic-response
112 silly ADD node_modules/isexe
113 silly ADD node_modules/ini
114 silly ADD node_modules/inherits
115 silly ADD node_modules/ieee754
116 silly ADD node_modules/graceful-fs
117 silly ADD node_modules/github-from-package
118 silly ADD node_modules/fs-constants
119 silly ADD node_modules/file-uri-to-path
120 silly ADD node_modules/fdir
121 silly ADD node_modules/exponential-backoff
122 silly ADD node_modules/expand-template
123 silly ADD node_modules/env-paths
124 silly ADD node_modules/end-of-stream
125 silly ADD node_modules/detect-libc
126 silly ADD node_modules/deep-extend
127 silly ADD node_modules/decompress-response
128 warn install-scripts 1 package has install scripts not yet covered by allowScripts:
128 warn install-scripts   sqlite3@6.0.1 (install: prebuild-install -r napi || node-gyp rebuild)
128 warn install-scripts
128 warn install-scripts Run `npm install-scripts ls` to review, or `npm install-scripts approve <pkg>` to allow.
129 verbose cwd /data
130 verbose os Linux 5.15.167.4-microsoft-standard-WSL2
131 verbose node v24.20.0
132 verbose npm  v11.19.1
133 verbose exit 0
134 info ok
